// Jest Snapshot v1, https://goo.gl/fbAQLP

exports[`<App/> should match its snapshot 1`] = `
<Fragment>
  <Route
    component={
      Object {
        "$$typeof": Symbol(react.memo),
        "WrappedComponent": [Function],
        "compare": null,
        "displayName": "Connect(withProps(withState(withHandlers(branch(branch(DocumentsListFetched))))))",
        "type": [Function],
      }
    }
    exact={true}
    path="/"
  />
  <Route
    component={[Function]}
    exact={true}
    path="/login"
  />
  <Route
    component={[Function]}
    path="/edit/:documentId"
  />
</Fragment>
`;
